<html>
<body>
<pre>
<h1>µVision Build Log</h1>
<h2>Tool Versions:</h2>
IDE-Version: µVision V5.27.1.0
Copyright (C) 2019 ARM Ltd and ARM Germany GmbH. All rights reserved.
License Information: lord patil, coep, LIC=----
 
Tool Versions:
Toolchain:       MDK-Lite  Version: 5.25.2.0
Toolchain Path:  C:\Keil_v5\ARM\ARMCC\Bin
C Compiler:      Armcc.exe V5.06 update 6 (build 750)
Assembler:       Armasm.exe V5.06 update 6 (build 750)
Linker/Locator:  ArmLink.exe V5.06 update 6 (build 750)
Library Manager: ArmAr.exe V5.06 update 6 (build 750)
Hex Converter:   FromElf.exe V5.06 update 6 (build 750)
CPU DLL:         SARM.DLL V5.25.2.0
Dialog DLL:      DARMP.DLL V1.53.0.0
Target DLL:      UL2ARM.DLL V1.74.10.0
Dialog DLL:      TARMP.DLL V1.53.0.0
 
<h2>Project:</h2>
C:\Users\USER\Desktop\112007070\4X4 Keypad\keypad.uvproj
Project File Date:  11/17/2023

<h2>Output:</h2>
*** Using Compiler 'V5.06 update 6 (build 750)', folder: 'C:\Keil_v5\ARM\ARMCC\Bin'
Rebuild target 'Target 1'
assembling Startup.s...
compiling LCD.c...
compiling keypad.c...
compiling main.c...
main.c(39): warning:  #223-D: function "LCD_clear" declared implicitly
  	LCD_clear();
main.c(56): warning:  #223-D: function "delay" declared implicitly
  		delay(INPUT_DELAY);
main.c(63): warning:  #223-D: function "LCD_clear" declared implicitly
  	LCD_clear();
main.c(72): warning:  #223-D: function "delay" declared implicitly
  		delay(TRANSITION_DELAY);
main.c: 4 warnings, 0 errors
linking...
Program Size: Code=2784 RO-data=32 RW-data=96 ZI-data=1488  
FromELF: creating hex file...
".\keypad.axf" - 0 Error(s), 4 Warning(s).
Build Time Elapsed:  00:00:00
</pre>
</body>
</html>
